# Preparing a project on my desktop for GitHub using Terminal commands

In Terminal


cd /Users/developer/Desktop/Hello-World-3
pwd     # to confirm the correct location


# git status

fatal: not a git repository (or any of the parent directories): .git


# git init (creates an empty Git repository)

Initialized empty Git repository in /Users/developer/Desktop/Hello-World-3/.git/


# git status

On branch master

No commits yet

Untracked files:
  (use "git add <file>..." to include in what will be committed)

	Notes.txt

nothing added to commit but untracked files present (use "git add" to track)


# git add Notes.txt

add a particular file

# git add .

add all files

# git commit -m "adding a second file"



